// Jest Snapshot v1, https://goo.gl/fbAQLP

exports[`Info component: should render 1`] = `
<h1>
  0
</h1>
`;
